[debug] [2026-07-24T13:40:10.881Z] ----------------------------------------------------------------------
[debug] [2026-07-24T13:40:10.885Z] Command:       C:\Program Files\nodejs\node.exe C:\Users\User\AppData\Roaming\npm\node_modules\firebase-tools\lib\bin\firebase.js projects:list --json
[debug] [2026-07-24T13:40:10.885Z] CLI Version:   15.8.0
[debug] [2026-07-24T13:40:10.885Z] Platform:      win32
[debug] [2026-07-24T13:40:10.885Z] Node Version:  v22.22.0
[debug] [2026-07-24T13:40:10.885Z] Time:          Fri Jul 24 2026 21:40:10 GMT+0800 (Philippine Standard Time)
[debug] [2026-07-24T13:40:10.885Z] ----------------------------------------------------------------------
[debug] 
[debug] [2026-07-24T13:40:11.091Z] > command requires scopes: ["email","openid","https://www.googleapis.com/auth/cloudplatformprojects.readonly","https://www.googleapis.com/auth/firebase","https://www.googleapis.com/auth/cloud-platform"]
[debug] [2026-07-24T13:40:11.091Z] > authorizing via signed-in user (clarkcabatuan09@gmail.com)
[debug] [2026-07-24T13:40:11.094Z] Checked if tokens are valid: false, expires at: 1784897913331
[debug] [2026-07-24T13:40:11.094Z] Checked if tokens are valid: false, expires at: 1784897913331
[debug] [2026-07-24T13:40:11.095Z] > refreshing access token with scopes: []
[debug] [2026-07-24T13:40:11.096Z] >>> [apiv2][query] POST https://www.googleapis.com/oauth2/v3/token [none]
[debug] [2026-07-24T13:40:11.097Z] >>> [apiv2][body] POST https://www.googleapis.com/oauth2/v3/token [omitted]
[debug] [2026-07-24T13:40:11.936Z] <<< [apiv2][status] POST https://www.googleapis.com/oauth2/v3/token 200
[debug] [2026-07-24T13:40:11.936Z] <<< [apiv2][body] POST https://www.googleapis.com/oauth2/v3/token [omitted]
[debug] [2026-07-24T13:40:11.943Z] >>> [apiv2][query] GET https://firebase.googleapis.com/v1beta1/projects pageSize=1000
[debug] [2026-07-24T13:40:13.166Z] <<< [apiv2][status] GET https://firebase.googleapis.com/v1beta1/projects 200
[debug] [2026-07-24T13:40:13.166Z] <<< [apiv2][body] GET https://firebase.googleapis.com/v1beta1/projects [omitted]
[info] ┌──────────────────────┬──────────────────────────┬────────────────┬──────────────────────┐
│ Project Display Name │ Project ID               │ Project Number │ Resource Location ID │
├──────────────────────┼──────────────────────────┼────────────────┼──────────────────────┤
│ ani-track            │ ani-track-f6d5d          │ 605520322379   │ [Not specified]      │
├──────────────────────┼──────────────────────────┼────────────────┼──────────────────────┤
│ Barangay Sports Hub  │ barangay-sports-hub      │ 33485749703    │ [Not specified]      │
├──────────────────────┼──────────────────────────┼────────────────┼──────────────────────┤
│ eventreminder        │ eventreminder-eafa6      │ 830579678004   │ [Not specified]      │
├──────────────────────┼──────────────────────────┼────────────────┼──────────────────────┤
│ omnitask             │ omnitask-d5b47 (current) │ 385511004673   │ [Not specified]      │
└──────────────────────┴──────────────────────────┴────────────────┴──────────────────────┘
[info] 
[info] 4 project(s) total.
